// 重构日志: 649e8285
// 同步 ID: cfe1eb64 @ Sun Jul 19 07:19:34 UTC 2026
// 重构日志: cec019ce
// 同步 ID: 871c47d8 @ Sun Jul 19 13:49:18 UTC 2026
// 同步 ID: 5c4a1200 @ Sun Jul 19 15:07:52 UTC 2026
// 同步 ID: 80a4a09f @ Wed Jul 22 06:52:28 UTC 2026
// 同步 ID: 4044791c @ Wed Jul 22 10:01:21 UTC 2026
// 同步 ID: 1afe936d @ Fri Jul 24 04:00:48 UTC 2026
// 同步 ID: 404d2be3 @ Fri Jul 24 06:35:47 UTC 2026
// 重构日志: e4c4da18
// 重构日志: 65422d22
// 同步 ID: bbe4f295 @ Fri Jul 24 18:40:41 UTC 2026
// 重构日志: 18761d1c
// 同步 ID: 45868ae1 @ Sat Jul 25 14:36:44 UTC 2026
// 重构日志: 8701d247
// 同步 ID: 8cdf950f @ Sat Jul 25 17:12:27 UTC 2026
// 同步 ID: 504800fc @ Sun Jul 26 15:36:03 UTC 2026
// 重构日志: 59c11026
// 重构日志: 45be3c80
// 同步 ID: 484fe322 @ Wed Jul 29 12:32:13 UTC 2026
// 重构日志: 8418d868
// 重构日志: 57ded9e3
// 重构日志: 0214c9ee
// 重构日志: e683b5b9
// 同步 ID: c43c2bed @ Fri Jul 31 22:05:46 UTC 2026
// 同步 ID: 6f8009c2 @ Sat Aug  1 12:02:46 UTC 2026
// 同步 ID: bdce128a @ Sat Aug  1 16:07:54 UTC 2026
// 重构日志: 9889a820
// 同步 ID: 1b0946b7 @ Sun Aug  2 12:01:32 UTC 2026
// 同步 ID: 036fc713 @ Sun Aug  2 20:13:47 UTC 2026
